hello:
1 0.998036 0.99215 0.982367 0.968725 0.951276 0.930091 0.905251 0.876855 0.845014 0.809854 0.771511 0.730138 0.685896 0.63896 0.589513 0.53775 0.483875 0.428098 0.37064 0.311726 0.251587 0.190459 0.128584 0.0662028 0.00356192 -0.059093 -0.121516 -0.183461 -0.244686 -0.304949 -0.364014 -0.42165 -0.477628 -0.53173 -0.583744 -0.633464 -0.680695 -0.725252 -0.766959 -0.805654 -0.841184 -0.873408 -0.902202 -0.92745 -0.949056 -0.966932 -0.98101 -0.991234 -0.997564 -0.999975 -0.998457 -0.993016 -0.983674 -0.970468 -0.953449 -0.932684 -0.908255 -0.880258 -0.848802 -0.814012 -0.776024 -0.734987 -0.691063